Testpad server started on localhost:8080 in DEVELOPMENT mode
Thu Feb 07 2013 11:28:35 GMT+0400 (MSK) app.dev /
{ domain: null,
  _events: { finish: [Function] },
  _maxListeners: 10,
  output: [],
  outputEncodings: [],
  writable: true,
  _last: false,
  chunkedEncoding: false,
  shouldKeepAlive: true,
  useChunkedEncodingByDefault: true,
  sendDate: true,
  _hasBody: true,
  _trailer: '',
  finished: false,
  socket: 
   { domain: null,
     _events: 
      { drain: [Function: ondrain],
        timeout: [Object],
        error: [Function],
        close: [Object] },
     _maxListeners: 10,
     _handle: 
      { writeQueueSize: 0,
        owner: [Circular],
        onread: [Function: onread] },
     _pendingWriteReqs: 0,
     _flags: 0,
     _connectQueueSize: 0,
     destroyed: false,
     errorEmitted: false,
     bytesRead: 449,
     _bytesDispatched: 0,
     allowHalfOpen: true,
     writable: true,
     readable: true,
     server: 
      { domain: null,
        _events: [Object],
        _maxListeners: 10,
        _connections: 2,
        connections: [Getter/Setter],
        allowHalfOpen: true,
        _handle: [Object],
        httpAllowHalfOpen: false,
        _connectionKey: '4:127.0.0.1:8080' },
     _idleTimeout: 120000,
     _idleNext: 
      { domain: null,
        _events: [Object],
        _maxListeners: 10,
        _handle: [Object],
        _pendingWriteReqs: 0,
        _flags: 0,
        _connectQueueSize: 0,
        destroyed: false,
        errorEmitted: false,
        bytesRead: 0,
        _bytesDispatched: 0,
        allowHalfOpen: true,
        writable: true,
        readable: true,
        server: [Object],
        _idleTimeout: 120000,
        _idleNext: [Object],
        _idlePrev: [Circular],
        _idleStart: Thu Feb 07 2013 11:28:35 GMT+0400 (MSK),
        parser: [Object],
        ondata: [Function],
        onend: [Function] },
     _idlePrev: 
      { _idleNext: [Circular],
        _idlePrev: [Object],
        ontimeout: [Function] },
     _idleStart: Thu Feb 07 2013 11:28:35 GMT+0400 (MSK),
     parser: 
      { _headers: [],
        _url: '',
        onHeaders: [Function: parserOnHeaders],
        onHeadersComplete: [Function: parserOnHeadersComplete],
        onBody: [Function: parserOnBody],
        onMessageComplete: [Function: parserOnMessageComplete],
        socket: [Circular],
        incoming: [Object],
        maxHeaderPairs: 2000,
        onIncoming: [Function] },
     ondata: [Function],
     onend: [Function],
     _httpMessage: [Circular],
     _paused: false },
  connection: 
   { domain: null,
     _events: 
      { drain: [Function: ondrain],
        timeout: [Object],
        error: [Function],
        close: [Object] },
     _maxListeners: 10,
     _handle: 
      { writeQueueSize: 0,
        owner: [Circular],
        onread: [Function: onread] },
     _pendingWriteReqs: 0,
     _flags: 0,
     _connectQueueSize: 0,
     destroyed: false,
     errorEmitted: false,
     bytesRead: 449,
     _bytesDispatched: 0,
     allowHalfOpen: true,
     writable: true,
     readable: true,
     server: 
      { domain: null,
        _events: [Object],
        _maxListeners: 10,
        _connections: 2,
        connections: [Getter/Setter],
        allowHalfOpen: true,
        _handle: [Object],
        httpAllowHalfOpen: false,
        _connectionKey: '4:127.0.0.1:8080' },
     _idleTimeout: 120000,
     _idleNext: 
      { domain: null,
        _events: [Object],
        _maxListeners: 10,
        _handle: [Object],
        _pendingWriteReqs: 0,
        _flags: 0,
        _connectQueueSize: 0,
        destroyed: false,
        errorEmitted: false,
        bytesRead: 0,
        _bytesDispatched: 0,
        allowHalfOpen: true,
        writable: true,
        readable: true,
        server: [Object],
        _idleTimeout: 120000,
        _idleNext: [Object],
        _idlePrev: [Circular],
        _idleStart: Thu Feb 07 2013 11:28:35 GMT+0400 (MSK),
        parser: [Object],
        ondata: [Function],
        onend: [Function] },
     _idlePrev: 
      { _idleNext: [Circular],
        _idlePrev: [Object],
        ontimeout: [Function] },
     _idleStart: Thu Feb 07 2013 11:28:35 GMT+0400 (MSK),
     parser: 
      { _headers: [],
        _url: '',
        onHeaders: [Function: parserOnHeaders],
        onHeadersComplete: [Function: parserOnHeadersComplete],
        onBody: [Function: parserOnBody],
        onMessageComplete: [Function: parserOnMessageComplete],
        socket: [Circular],
        incoming: [Object],
        maxHeaderPairs: 2000,
        onIncoming: [Function] },
     ondata: [Function],
     onend: [Function],
     _httpMessage: [Circular],
     _paused: false } }
{ domain: null,
  _events: 
   { data: [Function: ondata],
     end: [ [Function: onend], [Function: cleanup] ],
     close: [ [Function: onclose], [Function: cleanup] ],
     error: [Function: onerror] },
  _maxListeners: 10,
  socket: 
   { domain: null,
     _events: 
      { drain: [Function: ondrain],
        timeout: [Object],
        error: [Function],
        close: [Object] },
     _maxListeners: 10,
     _handle: 
      { writeQueueSize: 0,
        owner: [Circular],
        onread: [Function: onread] },
     _pendingWriteReqs: 0,
     _flags: 0,
     _connectQueueSize: 0,
     destroyed: false,
     errorEmitted: false,
     bytesRead: 449,
     _bytesDispatched: 0,
     allowHalfOpen: true,
     writable: true,
     readable: true,
     server: 
      { domain: null,
        _events: [Object],
        _maxListeners: 10,
        _connections: 2,
        connections: [Getter/Setter],
        allowHalfOpen: true,
        _handle: [Object],
        httpAllowHalfOpen: false,
        _connectionKey: '4:127.0.0.1:8080' },
     _idleTimeout: 120000,
     _idleNext: 
      { domain: null,
        _events: [Object],
        _maxListeners: 10,
        _handle: [Object],
        _pendingWriteReqs: 0,
        _flags: 0,
        _connectQueueSize: 0,
        destroyed: false,
        errorEmitted: false,
        bytesRead: 0,
        _bytesDispatched: 0,
        allowHalfOpen: true,
        writable: true,
        readable: true,
        server: [Object],
        _idleTimeout: 120000,
        _idleNext: [Object],
        _idlePrev: [Circular],
        _idleStart: Thu Feb 07 2013 11:28:35 GMT+0400 (MSK),
        parser: [Object],
        ondata: [Function],
        onend: [Function] },
     _idlePrev: 
      { _idleNext: [Circular],
        _idlePrev: [Object],
        ontimeout: [Function] },
     _idleStart: Thu Feb 07 2013 11:28:35 GMT+0400 (MSK),
     parser: 
      { _headers: [],
        _url: '',
        onHeaders: [Function: parserOnHeaders],
        onHeadersComplete: [Function: parserOnHeadersComplete],
        onBody: [Function: parserOnBody],
        onMessageComplete: [Function: parserOnMessageComplete],
        socket: [Circular],
        incoming: [Circular],
        maxHeaderPairs: 2000,
        onIncoming: [Function] },
     ondata: [Function],
     onend: [Function],
     _httpMessage: 
      { domain: null,
        _events: [Object],
        _maxListeners: 10,
        output: [],
        outputEncodings: [],
        writable: true,
        _last: false,
        chunkedEncoding: false,
        shouldKeepAlive: true,
        useChunkedEncodingByDefault: true,
        sendDate: true,
        _hasBody: true,
        _trailer: '',
        finished: false,
        socket: [Circular],
        connection: [Circular] },
     _paused: false },
  connection: 
   { domain: null,
     _events: 
      { drain: [Function: ondrain],
        timeout: [Object],
        error: [Function],
        close: [Object] },
     _maxListeners: 10,
     _handle: 
      { writeQueueSize: 0,
        owner: [Circular],
        onread: [Function: onread] },
     _pendingWriteReqs: 0,
     _flags: 0,
     _connectQueueSize: 0,
     destroyed: false,
     errorEmitted: false,
     bytesRead: 449,
     _bytesDispatched: 0,
     allowHalfOpen: true,
     writable: true,
     readable: true,
     server: 
      { domain: null,
        _events: [Object],
        _maxListeners: 10,
        _connections: 2,
        connections: [Getter/Setter],
        allowHalfOpen: true,
        _handle: [Object],
        httpAllowHalfOpen: false,
        _connectionKey: '4:127.0.0.1:8080' },
     _idleTimeout: 120000,
     _idleNext: 
      { domain: null,
        _events: [Object],
        _maxListeners: 10,
        _handle: [Object],
        _pendingWriteReqs: 0,
        _flags: 0,
        _connectQueueSize: 0,
        destroyed: false,
        errorEmitted: false,
        bytesRead: 0,
        _bytesDispatched: 0,
        allowHalfOpen: true,
        writable: true,
        readable: true,
        server: [Object],
        _idleTimeout: 120000,
        _idleNext: [Object],
        _idlePrev: [Circular],
        _idleStart: Thu Feb 07 2013 11:28:35 GMT+0400 (MSK),
        parser: [Object],
        ondata: [Function],
        onend: [Function] },
     _idlePrev: 
      { _idleNext: [Circular],
        _idlePrev: [Object],
        ontimeout: [Function] },
     _idleStart: Thu Feb 07 2013 11:28:35 GMT+0400 (MSK),
     parser: 
      { _headers: [],
        _url: '',
        onHeaders: [Function: parserOnHeaders],
        onHeadersComplete: [Function: parserOnHeadersComplete],
        onBody: [Function: parserOnBody],
        onMessageComplete: [Function: parserOnMessageComplete],
        socket: [Circular],
        incoming: [Circular],
        maxHeaderPairs: 2000,
        onIncoming: [Function] },
     ondata: [Function],
     onend: [Function],
     _httpMessage: 
      { domain: null,
        _events: [Object],
        _maxListeners: 10,
        output: [],
        outputEncodings: [],
        writable: true,
        _last: false,
        chunkedEncoding: false,
        shouldKeepAlive: true,
        useChunkedEncodingByDefault: true,
        sendDate: true,
        _hasBody: true,
        _trailer: '',
        finished: false,
        socket: [Circular],
        connection: [Circular] },
     _paused: false },
  httpVersion: '1.1',
  complete: true,
  headers: 
   { host: 'app.dev:8080',
     connection: 'keep-alive',
     'cache-control': 'max-age=0',
     accept: 'text/html,application/xhtml+xml,application/xml;q=0.9,*/*;q=0.8',
     'user-agent': 'Mozilla/5.0 (X11; Linux i686) AppleWebKit/537.17 (KHTML, like Gecko) Chrome/24.0.1312.56 Safari/537.17',
     'accept-encoding': 'gzip,deflate,sdch',
     'accept-language': 'ru,en-US;q=0.8,en;q=0.6',
     'accept-charset': 'ISO-8859-1,utf-8;q=0.7,*;q=0.3',
     cookie: 'PHPSESSID=5q52kc0b156am09it1eku4avf2',
     'X-Redirect-Uri': '/' },
  trailers: {},
  readable: false,
  _paused: false,
  _pendings: [],
  _endEmitted: true,
  url: '/',
  method: 'GET',
  statusCode: null,
  client: 
   { domain: null,
     _events: 
      { drain: [Function: ondrain],
        timeout: [Object],
        error: [Function],
        close: [Object] },
     _maxListeners: 10,
     _handle: 
      { writeQueueSize: 0,
        owner: [Circular],
        onread: [Function: onread] },
     _pendingWriteReqs: 0,
     _flags: 0,
     _connectQueueSize: 0,
     destroyed: false,
     errorEmitted: false,
     bytesRead: 449,
     _bytesDispatched: 0,
     allowHalfOpen: true,
     writable: true,
     readable: true,
     server: 
      { domain: null,
        _events: [Object],
        _maxListeners: 10,
        _connections: 2,
        connections: [Getter/Setter],
        allowHalfOpen: true,
        _handle: [Object],
        httpAllowHalfOpen: false,
        _connectionKey: '4:127.0.0.1:8080' },
     _idleTimeout: 120000,
     _idleNext: 
      { domain: null,
        _events: [Object],
        _maxListeners: 10,
        _handle: [Object],
        _pendingWriteReqs: 0,
        _flags: 0,
        _connectQueueSize: 0,
        destroyed: false,
        errorEmitted: false,
        bytesRead: 0,
        _bytesDispatched: 0,
        allowHalfOpen: true,
        writable: true,
        readable: true,
        server: [Object],
        _idleTimeout: 120000,
        _idleNext: [Object],
        _idlePrev: [Circular],
        _idleStart: Thu Feb 07 2013 11:28:35 GMT+0400 (MSK),
        parser: [Object],
        ondata: [Function],
        onend: [Function] },
     _idlePrev: 
      { _idleNext: [Circular],
        _idlePrev: [Object],
        ontimeout: [Function] },
     _idleStart: Thu Feb 07 2013 11:28:35 GMT+0400 (MSK),
     parser: 
      { _headers: [],
        _url: '',
        onHeaders: [Function: parserOnHeaders],
        onHeadersComplete: [Function: parserOnHeadersComplete],
        onBody: [Function: parserOnBody],
        onMessageComplete: [Function: parserOnMessageComplete],
        socket: [Circular],
        incoming: [Circular],
        maxHeaderPairs: 2000,
        onIncoming: [Function] },
     ondata: [Function],
     onend: [Function],
     _httpMessage: 
      { domain: null,
        _events: [Object],
        _maxListeners: 10,
        output: [],
        outputEncodings: [],
        writable: true,
        _last: false,
        chunkedEncoding: false,
        shouldKeepAlive: true,
        useChunkedEncodingByDefault: true,
        sendDate: true,
        _hasBody: true,
        _trailer: '',
        finished: false,
        socket: [Circular],
        connection: [Circular] },
     _paused: false },
  httpVersionMajor: 1,
  httpVersionMinor: 1,
  upgrade: false,
  workers: 
   { logger: [Function],
     hello: [Function],
     proxy: [Function],
     app: [Function],
     error: [Function],
     not_found: [Function],
     cgi: [Function],
     'php-cgi': [Function] },
  urlinfo: 
   { protocol: 'http:',
     slashes: true,
     host: 'app.dev:8080',
     port: '8080',
     hostname: 'app.dev',
     href: 'http://app.dev:8080/',
     search: '',
     query: { __URI__: '/' },
     pathname: '/index.php',
     path: '/' },
  query: { __URI__: '/' },
  host: 
   { mask: [ '.dev' ],
     directory: '/home/rumkin/Dev/php',
     config: 'etc/testpad/config.ini',
     'require.development': 'etc/testpad/development.js',
     'require.production': 'etc/testpad/production.js',
     index: 'index.php' },
  lookup: 'app',
  current: { directory: '/home/rumkin/Dev/php/app' } }
